// Jest Snapshot v1, https://goo.gl/fbAQLP

exports[`Redux Cart Error should return an error matching the snapshot 1`] = `"received is not a function"`;
